baseline                                 seed=0 vader=+0.062 nll=1.947 (21s)
baseline                                 seed=1 vader=+0.132 nll=2.068 (20s)
A/L1/c0.06/+                             seed=0 vader=+0.118 nll=1.965 (20s)
A/L1/c0.06/-                             seed=0 vader=+0.213 nll=1.918 (20s)
A/L1/c0.12/+                             seed=0 vader=+0.084 nll=1.884 (20s)
A/L1/c0.12/-                             seed=0 vader=+0.194 nll=1.959 (20s)
A/L1/c0.25/+                             seed=0 vader=+0.061 nll=1.994 (20s)
A/L1/c0.25/-                             seed=0 vader=+0.082 nll=2.035 (20s)
A/L1/c0.5/+                              seed=0 vader=+0.052 nll=2.016 (19s)
A/L1/c0.5/-                              seed=0 vader=+0.071 nll=1.968 (19s)
A/L1/c1.0/+                              seed=0 vader=+0.288 nll=2.211 (20s)
A/L1/c1.0/-                              seed=0 vader=-0.043 nll=1.983 (19s)
A/L3/c0.06/+                             seed=0 vader=+0.166 nll=1.929 (20s)
A/L3/c0.06/-                             seed=0 vader=+0.143 nll=1.929 (21s)
A/L3/c0.12/+                             seed=0 vader=+0.215 nll=1.966 (20s)
A/L3/c0.12/-                             seed=0 vader=+0.011 nll=1.839 (21s)
A/L3/c0.25/+                             seed=0 vader=+0.188 nll=1.935 (21s)
A/L3/c0.25/-                             seed=0 vader=+0.127 nll=2.001 (20s)
A/L3/c0.5/+                              seed=0 vader=+0.087 nll=2.082 (19s)
A/L3/c0.5/-                              seed=0 vader=-0.002 nll=1.978 (20s)
A/L3/c1.0/+                              seed=0 vader=+0.172 nll=1.863 (19s)
A/L3/c1.0/-                              seed=0 vader=+0.191 nll=2.176 (20s)
A/L5/c0.06/+                             seed=0 vader=+0.134 nll=1.947 (20s)
A/L5/c0.06/-                             seed=0 vader=+0.147 nll=1.946 (21s)
A/L5/c0.12/+                             seed=0 vader=+0.179 nll=1.962 (20s)
A/L5/c0.12/-                             seed=0 vader=+0.202 nll=1.929 (20s)
A/L5/c0.25/+                             seed=0 vader=+0.176 nll=1.882 (19s)
A/L5/c0.25/-                             seed=0 vader=+0.191 nll=1.940 (20s)
A/L5/c0.5/+                              seed=0 vader=+0.192 nll=2.053 (21s)
A/L5/c0.5/-                              seed=0 vader=+0.267 nll=1.924 (21s)
A/L5/c1.0/+                              seed=0 vader=+0.230 nll=1.985 (20s)
A/L5/c1.0/-                              seed=0 vader=+0.010 nll=1.932 (20s)
A/L7/c0.06/+                             seed=0 vader=+0.326 nll=1.963 (20s)
A/L7/c0.06/-                             seed=0 vader=+0.042 nll=1.856 (20s)
A/L7/c0.12/+                             seed=0 vader=+0.469 nll=2.060 (20s)
A/L7/c0.12/-                             seed=0 vader=+0.150 nll=2.070 (20s)
A/L7/c0.25/+                             seed=0 vader=+0.421 nll=2.040 (20s)
A/L7/c0.25/-                             seed=0 vader=+0.444 nll=2.229 (20s)
A/L7/c0.5/+                              seed=0 vader=+0.264 nll=3.576 (20s)
A/L7/c0.5/-                              seed=0 vader=+0.686 nll=4.201 (20s)
A/L7/c1.0/+                              seed=0 vader=+0.035 nll=5.243 (20s)
A/L7/c1.0/-                              seed=0 vader=+0.003 nll=5.042 (19s)
A/L9/c0.06/+                             seed=0 vader=+0.295 nll=1.963 (19s)
A/L9/c0.06/-                             seed=0 vader=+0.009 nll=1.786 (19s)
A/L9/c0.12/+                             seed=0 vader=+0.568 nll=1.835 (20s)
A/L9/c0.12/-                             seed=0 vader=-0.190 nll=1.932 (19s)
A/L9/c0.25/+                             seed=0 vader=+0.718 nll=2.089 (21s)
A/L9/c0.25/-                             seed=0 vader=-0.143 nll=2.188 (21s)
A/L9/c0.5/+                              seed=0 vader=+0.751 nll=2.680 (20s)
A/L9/c0.5/-                              seed=0 vader=-0.220 nll=2.744 (20s)
A/L9/c1.0/+                              seed=0 vader=+0.681 nll=4.986 (19s)
A/L9/c1.0/-                              seed=0 vader=-0.116 nll=4.135 (20s)
A/L11/c0.06/+                            seed=0 vader=+0.063 nll=1.974 (20s)
A/L11/c0.06/-                            seed=0 vader=+0.189 nll=2.008 (20s)
A/L11/c0.12/+                            seed=0 vader=+0.214 nll=2.044 (19s)
A/L11/c0.12/-                            seed=0 vader=+0.036 nll=2.059 (20s)
A/L11/c0.25/+                            seed=0 vader=+0.248 nll=2.027 (20s)
A/L11/c0.25/-                            seed=0 vader=-0.081 nll=1.964 (20s)
A/L11/c0.5/+                             seed=0 vader=+0.468 nll=2.121 (19s)
A/L11/c0.5/-                             seed=0 vader=-0.417 nll=2.067 (18s)
A/L11/c1.0/+                             seed=0 vader=+0.869 nll=2.273 (19s)
A/L11/c1.0/-                             seed=0 vader=-0.915 nll=3.583 (19s)
SELECTED {'best': {'layer': 11, 'c': 0.5, 'beta': 7.074484825134277, 'effect': 0.8852249999999999, 'nll_cost': 2.0936783974369364}, 'second': {'layer': 9, 'c': 0.25, 'beta': 4.2249531745910645, 'effect': 0.8611708333333334, 'nll_cost': 2.1385283395648003}}
B/L11/topk/k768/+                        seed=0 vader=+0.468 nll=2.121 (18s)
B/L11/topk/k768/+                        seed=1 vader=+0.644 nll=2.059 (19s)
B/L11/topk/k768/-                        seed=0 vader=-0.417 nll=2.067 (19s)
B/L11/topk/k768/-                        seed=1 vader=-0.477 nll=2.204 (19s)
B/L11/signk/k768/+                       seed=0 vader=+0.408 nll=2.124 (19s)
B/L11/signk/k768/+                       seed=1 vader=+0.504 nll=2.084 (20s)
B/L11/signk/k768/-                       seed=0 vader=-0.233 nll=2.041 (19s)
B/L11/signk/k768/-                       seed=1 vader=-0.269 nll=2.223 (20s)
B/L11/topk/k384/+                        seed=0 vader=+0.504 nll=2.047 (19s)
B/L11/topk/k384/+                        seed=1 vader=+0.404 nll=2.141 (19s)
B/L11/topk/k384/-                        seed=0 vader=-0.207 nll=2.097 (21s)
B/L11/topk/k384/-                        seed=1 vader=-0.115 nll=2.179 (20s)
B/L11/signk/k384/+                       seed=0 vader=+0.363 nll=1.946 (20s)
B/L11/signk/k384/+                       seed=1 vader=+0.494 nll=2.086 (21s)
B/L11/signk/k384/-                       seed=0 vader=-0.276 nll=2.048 (20s)
B/L11/signk/k384/-                       seed=1 vader=-0.261 nll=2.120 (20s)
B/L11/randk0/k384/+                      seed=0 vader=+0.389 nll=2.064 (20s)
B/L11/randk0/k384/-                      seed=0 vader=-0.070 nll=1.996 (19s)
B/L11/randk1/k384/+                      seed=0 vader=+0.374 nll=1.957 (20s)
B/L11/randk1/k384/-                      seed=0 vader=-0.021 nll=2.054 (20s)
B/L11/randk2/k384/+                      seed=0 vader=+0.385 nll=2.009 (18s)
B/L11/randk2/k384/-                      seed=0 vader=-0.210 nll=1.927 (19s)
B/L11/topk/k192/+                        seed=0 vader=+0.454 nll=1.977 (20s)
B/L11/topk/k192/+                        seed=1 vader=+0.481 nll=2.037 (20s)
B/L11/topk/k192/-                        seed=0 vader=-0.379 nll=2.232 (19s)
B/L11/topk/k192/-                        seed=1 vader=-0.171 nll=2.227 (19s)
B/L11/signk/k192/+                       seed=0 vader=+0.567 nll=2.084 (20s)
B/L11/signk/k192/+                       seed=1 vader=+0.507 nll=2.087 (20s)
B/L11/signk/k192/-                       seed=0 vader=-0.203 nll=2.094 (20s)
B/L11/signk/k192/-                       seed=1 vader=-0.106 nll=2.130 (19s)
B/L11/randk0/k192/+                      seed=0 vader=+0.222 nll=2.031 (19s)
B/L11/randk0/k192/-                      seed=0 vader=-0.004 nll=2.044 (19s)
B/L11/randk1/k192/+                      seed=0 vader=+0.280 nll=1.876 (20s)
B/L11/randk1/k192/-                      seed=0 vader=-0.151 nll=2.166 (19s)
B/L11/randk2/k192/+                      seed=0 vader=+0.419 nll=2.082 (20s)
B/L11/randk2/k192/-                      seed=0 vader=-0.071 nll=1.915 (19s)
B/L11/topk/k96/+                         seed=0 vader=+0.397 nll=1.960 (19s)
B/L11/topk/k96/+                         seed=1 vader=+0.398 nll=2.163 (20s)
B/L11/topk/k96/-                         seed=0 vader=-0.104 nll=2.096 (20s)
B/L11/topk/k96/-                         seed=1 vader=-0.175 nll=2.050 (20s)
B/L11/signk/k96/+                        seed=0 vader=+0.397 nll=2.010 (20s)
B/L11/signk/k96/+                        seed=1 vader=+0.337 nll=2.025 (20s)
B/L11/signk/k96/-                        seed=0 vader=-0.170 nll=2.011 (20s)
B/L11/signk/k96/-                        seed=1 vader=-0.248 nll=2.052 (20s)
B/L11/randk0/k96/+                       seed=0 vader=+0.110 nll=1.906 (19s)
B/L11/randk0/k96/-                       seed=0 vader=-0.096 nll=1.961 (18s)
B/L11/randk1/k96/+                       seed=0 vader=+0.252 nll=2.012 (19s)
B/L11/randk1/k96/-                       seed=0 vader=+0.021 nll=1.996 (20s)
B/L11/randk2/k96/+                       seed=0 vader=+0.274 nll=2.039 (19s)
B/L11/randk2/k96/-                       seed=0 vader=-0.013 nll=2.049 (19s)
B/L11/topk/k48/+                         seed=0 vader=+0.355 nll=2.064 (20s)
B/L11/topk/k48/+                         seed=1 vader=+0.374 nll=2.111 (20s)
B/L11/topk/k48/-                         seed=0 vader=+0.020 nll=1.979 (19s)
B/L11/topk/k48/-                         seed=1 vader=-0.141 nll=2.089 (19s)
B/L11/signk/k48/+                        seed=0 vader=+0.412 nll=1.985 (20s)
B/L11/signk/k48/+                        seed=1 vader=+0.346 nll=2.067 (20s)
B/L11/signk/k48/-                        seed=0 vader=-0.074 nll=1.960 (18s)
B/L11/signk/k48/-                        seed=1 vader=-0.046 nll=2.079 (20s)
B/L11/randk0/k48/+                       seed=0 vader=+0.282 nll=2.039 (19s)
B/L11/randk0/k48/-                       seed=0 vader=-0.109 nll=1.845 (19s)
B/L11/randk1/k48/+                       seed=0 vader=+0.196 nll=2.054 (19s)
B/L11/randk1/k48/-                       seed=0 vader=-0.031 nll=2.007 (19s)
B/L11/randk2/k48/+                       seed=0 vader=+0.229 nll=1.892 (19s)
B/L11/randk2/k48/-                       seed=0 vader=-0.028 nll=2.138 (19s)
B/L11/topk/k24/+                         seed=0 vader=+0.286 nll=1.870 (19s)
B/L11/topk/k24/+                         seed=1 vader=+0.285 nll=1.976 (20s)
B/L11/topk/k24/-                         seed=0 vader=-0.084 nll=2.028 (20s)
B/L11/topk/k24/-                         seed=1 vader=+0.008 nll=2.237 (20s)
B/L11/signk/k24/+                        seed=0 vader=+0.177 nll=1.998 (21s)
B/L11/signk/k24/+                        seed=1 vader=+0.245 nll=1.888 (20s)
B/L11/signk/k24/-                        seed=0 vader=+0.069 nll=2.001 (21s)
B/L11/signk/k24/-                        seed=1 vader=-0.117 nll=2.206 (21s)
B/L11/randk0/k24/+                       seed=0 vader=+0.082 nll=1.973 (20s)
B/L11/randk0/k24/-                       seed=0 vader=-0.040 nll=2.052 (20s)
B/L11/randk1/k24/+                       seed=0 vader=+0.175 nll=2.005 (19s)
B/L11/randk1/k24/-                       seed=0 vader=+0.022 nll=2.051 (19s)
B/L11/randk2/k24/+                       seed=0 vader=+0.119 nll=1.904 (19s)
B/L11/randk2/k24/-                       seed=0 vader=+0.108 nll=2.106 (19s)
B/L11/topk/k12/+                         seed=0 vader=+0.186 nll=1.970 (19s)
B/L11/topk/k12/+                         seed=1 vader=+0.258 nll=2.082 (19s)
B/L11/topk/k12/-                         seed=0 vader=-0.085 nll=2.181 (19s)
B/L11/topk/k12/-                         seed=1 vader=-0.051 nll=2.087 (19s)
B/L11/signk/k12/+                        seed=0 vader=+0.127 nll=2.006 (20s)
B/L11/signk/k12/+                        seed=1 vader=+0.173 nll=1.943 (20s)
B/L11/signk/k12/-                        seed=0 vader=-0.034 nll=2.100 (20s)
B/L11/signk/k12/-                        seed=1 vader=-0.065 nll=2.176 (20s)
B/L11/randk0/k12/+                       seed=0 vader=+0.095 nll=2.102 (20s)
B/L11/randk0/k12/-                       seed=0 vader=+0.011 nll=1.909 (19s)
B/L11/randk1/k12/+                       seed=0 vader=+0.103 nll=1.913 (19s)
B/L11/randk1/k12/-                       seed=0 vader=-0.088 nll=2.138 (19s)
B/L11/randk2/k12/+                       seed=0 vader=+0.224 nll=2.026 (19s)
B/L11/randk2/k12/-                       seed=0 vader=+0.074 nll=1.984 (19s)
B/L11/topk/k6/+                          seed=0 vader=+0.213 nll=1.973 (19s)
B/L11/topk/k6/+                          seed=1 vader=+0.248 nll=1.970 (19s)
B/L11/topk/k6/-                          seed=0 vader=-0.041 nll=2.052 (20s)
B/L11/topk/k6/-                          seed=1 vader=+0.010 nll=2.085 (19s)
B/L11/signk/k6/+                         seed=0 vader=+0.311 nll=1.992 (20s)
B/L11/signk/k6/+                         seed=1 vader=+0.212 nll=1.951 (20s)
B/L11/signk/k6/-                         seed=0 vader=-0.165 nll=2.087 (20s)
B/L11/signk/k6/-                         seed=1 vader=-0.008 nll=2.172 (19s)
B/L11/randk0/k6/+                        seed=0 vader=+0.075 nll=1.948 (19s)
B/L11/randk0/k6/-                        seed=0 vader=+0.120 nll=2.073 (19s)
B/L11/randk1/k6/+                        seed=0 vader=+0.144 nll=1.993 (19s)
B/L11/randk1/k6/-                        seed=0 vader=+0.011 nll=2.155 (19s)
B/L11/randk2/k6/+                        seed=0 vader=+0.065 nll=2.050 (20s)
B/L11/randk2/k6/-                        seed=0 vader=-0.036 nll=2.059 (19s)
B/L11/topk/k3/+                          seed=0 vader=+0.222 nll=2.021 (19s)
B/L11/topk/k3/+                          seed=1 vader=+0.066 nll=1.968 (19s)
B/L11/topk/k3/-                          seed=0 vader=-0.037 nll=2.046 (19s)
B/L11/topk/k3/-                          seed=1 vader=+0.044 nll=2.039 (20s)
B/L11/signk/k3/+                         seed=0 vader=+0.211 nll=1.950 (20s)
B/L11/signk/k3/+                         seed=1 vader=+0.054 nll=1.992 (20s)
B/L11/signk/k3/-                         seed=0 vader=-0.059 nll=1.982 (20s)
B/L11/signk/k3/-                         seed=1 vader=+0.027 nll=2.054 (20s)
B/L11/randk0/k3/+                        seed=0 vader=+0.120 nll=1.969 (20s)
B/L11/randk0/k3/-                        seed=0 vader=+0.140 nll=1.996 (20s)
B/L11/randk1/k3/+                        seed=0 vader=+0.094 nll=2.091 (20s)
B/L11/randk1/k3/-                        seed=0 vader=+0.128 nll=1.987 (20s)
B/L11/randk2/k3/+                        seed=0 vader=+0.140 nll=2.050 (20s)
B/L11/randk2/k3/-                        seed=0 vader=+0.055 nll=2.117 (20s)
B/L11/topk/k1/+                          seed=0 vader=+0.079 nll=1.914 (20s)
B/L11/topk/k1/+                          seed=1 vader=+0.121 nll=2.064 (20s)
B/L11/topk/k1/-                          seed=0 vader=+0.132 nll=1.999 (20s)
B/L11/topk/k1/-                          seed=1 vader=+0.139 nll=2.067 (20s)
B/L11/signk/k1/+                         seed=0 vader=+0.079 nll=1.914 (20s)
B/L11/signk/k1/+                         seed=1 vader=+0.121 nll=2.064 (20s)
B/L11/signk/k1/-                         seed=0 vader=+0.132 nll=1.999 (20s)
B/L11/signk/k1/-                         seed=1 vader=+0.139 nll=2.067 (20s)
B/L11/randk0/k1/+                        seed=0 vader=+0.146 nll=1.929 (20s)
B/L11/randk0/k1/-                        seed=0 vader=+0.122 nll=2.144 (19s)
B/L11/randk1/k1/+                        seed=0 vader=-0.092 nll=1.977 (20s)
B/L11/randk1/k1/-                        seed=0 vader=+0.137 nll=2.165 (19s)
B/L11/randk2/k1/+                        seed=0 vader=+0.158 nll=1.855 (19s)
B/L11/randk2/k1/-                        seed=0 vader=+0.072 nll=2.025 (19s)
B/L9/topk/k768/+                         seed=0 vader=+0.718 nll=2.089 (19s)
B/L9/topk/k768/-                         seed=0 vader=-0.143 nll=2.188 (20s)
B/L9/signk/k768/+                        seed=0 vader=+0.645 nll=2.179 (19s)
B/L9/signk/k768/-                        seed=0 vader=-0.157 nll=2.153 (19s)
B/L9/topk/k384/+                         seed=0 vader=+0.661 nll=2.047 (19s)
B/L9/topk/k384/-                         seed=0 vader=-0.119 nll=2.183 (20s)
B/L9/signk/k384/+                        seed=0 vader=+0.747 nll=2.207 (20s)
B/L9/signk/k384/-                        seed=0 vader=-0.175 nll=2.045 (21s)
B/L9/topk/k192/+                         seed=0 vader=+0.528 nll=2.018 (20s)
B/L9/topk/k192/-                         seed=0 vader=-0.212 nll=2.313 (19s)
B/L9/signk/k192/+                        seed=0 vader=+0.645 nll=2.042 (19s)
B/L9/signk/k192/-                        seed=0 vader=-0.182 nll=2.253 (20s)
B/L9/topk/k96/+                          seed=0 vader=+0.529 nll=2.117 (20s)
B/L9/topk/k96/-                          seed=0 vader=-0.088 nll=2.330 (20s)
B/L9/signk/k96/+                         seed=0 vader=+0.624 nll=2.192 (20s)
B/L9/signk/k96/-                         seed=0 vader=-0.273 nll=2.258 (20s)
B/L9/topk/k48/+                          seed=0 vader=+0.423 nll=2.019 (20s)
B/L9/topk/k48/-                          seed=0 vader=-0.069 nll=2.210 (20s)
B/L9/signk/k48/+                         seed=0 vader=+0.401 nll=2.232 (19s)
B/L9/signk/k48/-                         seed=0 vader=-0.121 nll=2.201 (19s)
B/L9/topk/k24/+                          seed=0 vader=+0.464 nll=1.979 (19s)
B/L9/topk/k24/-                          seed=0 vader=-0.083 nll=2.336 (19s)
B/L9/signk/k24/+                         seed=0 vader=+0.407 nll=2.089 (19s)
B/L9/signk/k24/-                         seed=0 vader=+0.038 nll=2.244 (19s)
B/L9/topk/k12/+                          seed=0 vader=+0.320 nll=2.102 (20s)
B/L9/topk/k12/-                          seed=0 vader=-0.086 nll=2.181 (20s)
B/L9/signk/k12/+                         seed=0 vader=+0.368 nll=2.152 (20s)
B/L9/signk/k12/-                         seed=0 vader=+0.039 nll=2.133 (20s)
B/L9/topk/k6/+                           seed=0 vader=+0.395 nll=2.020 (20s)
B/L9/topk/k6/-                           seed=0 vader=+0.087 nll=2.154 (20s)
B/L9/signk/k6/+                          seed=0 vader=+0.461 nll=2.074 (19s)
B/L9/signk/k6/-                          seed=0 vader=-0.027 nll=2.314 (20s)
B/L9/topk/k3/+                           seed=0 vader=+0.113 nll=2.048 (20s)
B/L9/topk/k3/-                           seed=0 vader=+0.037 nll=2.255 (20s)
B/L9/signk/k3/+                          seed=0 vader=+0.390 nll=2.110 (20s)
B/L9/signk/k3/-                          seed=0 vader=+0.070 nll=2.320 (19s)
B/L9/topk/k1/+                           seed=0 vader=+0.200 nll=1.830 (19s)
B/L9/topk/k1/-                           seed=0 vader=+0.037 nll=2.175 (19s)
B/L9/signk/k1/+                          seed=0 vader=+0.200 nll=1.830 (19s)
B/L9/signk/k1/-                          seed=0 vader=+0.037 nll=2.175 (20s)
DONE
